Microchip MPLAB XC8 Compiler V2.41

Linker command line:

-W-3 \
  --edf=C:\Program Files\Microchip\xc8\v2.41\pic\dat\20230208172133_en.msgs \
  -cn -h+dist/default/production\Car_Black_Box.X.production.sym \
  --cmf=dist/default/production\Car_Black_Box.X.production.cmf -z -Q18F4580 \
  -oC:\Users\palan\AppData\Local\Temp\xcAs8pg.\driver_tmp_3.o \
  --defsym=__MPLAB_BUILD=1 --fixupoverflow=error \
  -Mdist/default/production/Car_Black_Box.X.production.map \
  --md=C:\Users\palan\AppData\Local\Temp\xcAs8pg.\driver_tmp_0.dat -E1 \
  -ver=XC8 Compiler --acfsm=1493 -ACODE=00h-03000h -ACONST=00h-03000h \
  -ASMALLCONST=0600h-06FFhx42,03000h-03000h -AMEDIUMCONST=0600h-03000h \
  -ACOMRAM=01h-05Fh -AABS1=00h-05FFh -ABIGRAM=01h-05FFh \
  -ARAM=060h-0FFh,0100h-01FFhx5 -ABANK0=060h-0FFh -ABANK1=0100h-01FFh \
  -ABANK2=0200h-02FFh -ABANK3=0300h-03FFh -ABANK4=0400h-04FFh \
  -ABANK5=0500h-05FFh -ASFR=0D00h-0DFFhx2,0F00h-0F5Fh,0F60h-0FFFh \
  -ABIGSFR=0D00h-0FFFh -ACONFIG=0300000h-030000Dh -AIDLOC=0200000h-0200007h \
  -AEEDATA=0F00000h-0F000FFh -peeprom_data=EEDATA \
  -preset_vec=00h,intcode=08h,intcodelo,powerup,init -pramtop=0600h \
  -psmallconst=SMALLCONST -pmediumconst=MEDIUMCONST -pconst=CONST \
  -AFARRAM=00h-00h \
  -prdata=COMRAM,nvrram=COMRAM,nvbit=COMRAM,rbss=COMRAM,rbit=COMRAM \
  -pfarbss=FARRAM,fardata=FARRAM,nvFARRAM=FARRAM \
  -pintsave_regs=BIGRAM,bigbss=BIGRAM,bigdata=BIGRAM -pbss=RAM \
  -pidata=CODE,irdata=CODE,ibigdata=CODE,ifardata=CODE -prparam=COMRAM \
  C:\Users\palan\AppData\Local\Temp\xcAs8pg.\driver_tmp_9.o \
  dist/default/production\Car_Black_Box.X.production.o 

Object code version is 3.11

Machine type is 18F4580



                Name                               Link     Load   Length Selector   Space Scale
C:\Users\palan\AppData\Local\Temp\xcAs8pg.\driver_tmp_9.o
                idloc                            200000   200000        8        0       5
                config                           300000   300000        E        0       4
                init                                  E        E        4        4       0
                reset_vec                             0        0        4        0       0
dist/default/production\Car_Black_Box.X.production.o
                intcode                               8        8        6        4       0
                idloc                            200000   200000        8        0       5
                config                           300000   300000        E        0       4
                temp                                 5F       5F        1        1       1
                mediumconst                        2EAC     2EAC      154     1756       0
                intcode_body                       1D66     1D66       58        4       0
                text43                              436      436      39A        4       0
                text42                             159C     159C      106        4       0
                text41                             12E0     12E0      1B4        4       0
                text40                             1E98     1E98       3A        4       0
                text39                             1BC8     1BC8       6C        4       0
                text38                             1FEC     1FEC       18        4       0
                text37                             16A2     16A2       E6        4       0
                text36                              A7A      A7A      236        4       0
                text35                             2030     2030       12        4       0
                text34                             207A     207A        8        4       0
                text33                             2072     2072        8        4       0
                text32                             204E     204E        C        4       0
                text31                             1ED2     1ED2       2E        4       0
                text30                             1C34     1C34       6A        4       0
                text29                             10E4     10E4      1FC        4       0
                text28                             1AE2     1AE2       74        4       0
                text27                             1D02     1D02       64        4       0
                text26                             1A62     1A62       80        4       0
                text25                             2082     2082        6        4       0
                text24                             206A     206A        8        4       0
                text23                             2042     2042        C        4       0
                text22                             2062     2062        8        4       0
                text21                             1F2A     1F2A       2A        4       0
                text20                             184C     184C       B6        4       0
                text19                             201A     201A       16        4       0
                text18                             1788     1788       C4        4       0
                text17                             19B2     19B2       B0        4       0
                text16                              7D0      7D0      2AA        4       0
                text15                             1F9A     1F9A       1E        4       0
                text14                             1902     1902       B0        4       0
                text13                             1F7C     1F7C       1E        4       0
                text12                             1E0E     1E0E       48        4       0
                text11                             2004     2004       16        4       0
                text10                             205A     205A        8        4       0
                text9                              1FD2     1FD2       1A        4       0
                text8                              1FB8     1FB8       1A        4       0
                text7                              1F00     1F00       2A        4       0
                text6                              1E56     1E56       42        4       0
                text5                                12       12      424        4       0
                text4                              1DBE     1DBE       50        4       0
                text3                              1494     1494      108        4       0
                text2                              1B56     1B56       72        4       0
                text1                               ECE      ECE      216        4       0
                text0                               CB0      CB0      21E        4       0
                cstackCOMRAM                          1        1       3E        1       1
                dataBANK0                            8E       8E       28       60       1
                bssBANK0                             60       60       2E       60       1
                dataCOMRAM                           5C       5C        3        1       1
                bssCOMRAM                            3F       3F       1D        1       1
                cinit                              1C9E     1C9E       64        4       0
                idataBANK0                         1F54     1F54       28        4       0
                idataCOMRAM                        2088     2088        3        4       0

TOTAL           Name                               Link     Load   Length     Space
        CLASS   CODE           
                intcode                               8        8        6         0
                init                                  E        E        4         0
                reset_vec                             0        0        4         0
                intcode_body                       1D66     1D66       58         0
                text43                              436      436      39A         0
                text42                             159C     159C      106         0
                text41                             12E0     12E0      1B4         0
                text40                             1E98     1E98       3A         0
                text39                             1BC8     1BC8       6C         0
                text38                             1FEC     1FEC       18         0
                text37                             16A2     16A2       E6         0
                text36                              A7A      A7A      236         0
                text35                             2030     2030       12         0
                text34                             207A     207A        8         0
                text33                             2072     2072        8         0
                text32                             204E     204E        C         0
                text31                             1ED2     1ED2       2E         0
                text30                             1C34     1C34       6A         0
                text29                             10E4     10E4      1FC         0
                text28                             1AE2     1AE2       74         0
                text27                             1D02     1D02       64         0
                text26                             1A62     1A62       80         0
                text25                             2082     2082        6         0
                text24                             206A     206A        8         0
                text23                             2042     2042        C         0
                text22                             2062     2062        8         0
                text21                             1F2A     1F2A       2A         0
                text20                             184C     184C       B6         0
                text19                             201A     201A       16         0
                text18                             1788     1788       C4         0
                text17                             19B2     19B2       B0         0
                text16                              7D0      7D0      2AA         0
                text15                             1F9A     1F9A       1E         0
                text14                             1902     1902       B0         0
                text13                             1F7C     1F7C       1E         0
                text12                             1E0E     1E0E       48         0
                text11                             2004     2004       16         0
                text10                             205A     205A        8         0
                text9                              1FD2     1FD2       1A         0
                text8                              1FB8     1FB8       1A         0
                text7                              1F00     1F00       2A         0
                text6                              1E56     1E56       42         0
                text5                                12       12      424         0
                text4                              1DBE     1DBE       50         0
                text3                              1494     1494      108         0
                text2                              1B56     1B56       72         0
                text1                               ECE      ECE      216         0
                text0                               CB0      CB0      21E         0
                cinit                              1C9E     1C9E       64         0
                idataBANK0                         1F54     1F54       28         0
                idataCOMRAM                        2088     2088        3         0

        CLASS   CONST          

        CLASS   SMALLCONST     

        CLASS   MEDIUMCONST    
                mediumconst                        2EAC     2EAC      154         0

        CLASS   COMRAM         
                temp                                 5F       5F        1         1
                cstackCOMRAM                          1        1       3E         1
                dataCOMRAM                           5C       5C        3         1
                bssCOMRAM                            3F       3F       1D         1

        CLASS   ABS1           

        CLASS   BIGRAM         

        CLASS   RAM            

        CLASS   BANK0          
                dataBANK0                            8E       8E       28         1
                bssBANK0                             60       60       2E         1

        CLASS   BANK1          

        CLASS   BANK2          

        CLASS   BANK3          

        CLASS   BANK4          

        CLASS   BANK5          

        CLASS   SFR            

        CLASS   BIGSFR         

        CLASS   CONFIG         
                config                           300000   300000        E         4

        CLASS   IDLOC          
                idloc                            200000   200000        8         5

        CLASS   EEDATA         

        CLASS   FARRAM         

        CLASS   HEAP           

        CLASS   STACK          



SEGMENTS        Name                           Load    Length   Top    Selector   Space  Class

                reset_vec                      000000  000004  000004         0       0  CODE    
                cstackCOMRAM                   000001  00005F  000060         1       1  COMRAM  
                intcode                        000008  002083  00208B         4       0  CODE    
                bssBANK0                       000060  000056  0000B6        60       1  BANK0   
                mediumconst                    002EAC  000154  003000      1756       0  MEDIUMCO


UNUSED ADDRESS RANGES

        Name                Unused          Largest block    Delta
        BANK0            0000B6-0000FF               4A
        BANK1            000100-0001FF              100
        BANK2            000200-0002FF              100
        BANK3            000300-0003FF              100
        BANK4            000400-0004FF              100
        BANK5            000500-0005FF              100
        BIGRAM           0000B6-0005FF              54A
        BIGSFR           000D00-000FFF              300
        CODE             000004-000007                4
                         00208B-002EAB              E21
                         003000-003000                1
        CONST            000004-000007                4
                         00208B-002EAB              E21
                         003000-003000                1
        EEDATA           F00000-F000FF              100
        MEDIUMCONST      00208B-002EAB              E21
                         003000-003000                1
        RAM              0000B6-0005FF              100
        SFR              000D00-000FFF              100
        SMALLCONST       00208B-002EAB              100
                         003000-003000                1

                                  Symbol Table

?___awdiv                   cstackCOMRAM 000001
?___awmod                   cstackCOMRAM 000001
?___fldiv                   cstackCOMRAM 000017
?___fltol                   cstackCOMRAM 000030
?___lwdiv                   cstackCOMRAM 000001
?___lwmod                   cstackCOMRAM 000001
?___xxtofl                  cstackCOMRAM 000009
?_read_adc                  cstackCOMRAM 000001
_ACKDT                      (abs)        007E2D
_ACKEN                      (abs)        007E2C
_ACKSTAT                    (abs)        007E2E
_ACQT0                      (abs)        007E03
_ACQT1                      (abs)        007E04
_ACQT2                      (abs)        007E05
_ADCON0                     (abs)        000FC2
_ADCS0                      (abs)        007E00
_ADCS1                      (abs)        007E01
_ADCS2                      (abs)        007E02
_ADFM                       (abs)        007E07
_ADON                       (abs)        007E10
_ADRESH                     (abs)        000FC4
_ADRESL                     (abs)        000FC3
_BCLIF                      (abs)        007D0B
_CKE                        (abs)        007E3E
_GIE                        (abs)        007F97
_GO                         (abs)        007E11
_PCFG0                      (abs)        007E08
_PCFG1                      (abs)        007E09
_PCFG2                      (abs)        007E0A
_PCFG3                      (abs)        007E0B
_PEIE                       (abs)        007F96
_PEN                        (abs)        007E2A
_PORTD                      (abs)        000F83
_PSA                        (abs)        007EAB
_RB1                        (abs)        007C09
_RB2                        (abs)        007C0A
_RB3                        (abs)        007C0B
_RB4                        (abs)        007C0C
_RB5                        (abs)        007C0D
_RB6                        (abs)        007C0E
_RB7                        (abs)        007C0F
_RBPU                       (abs)        007F8F
_RC0                        (abs)        007C10
_RC1                        (abs)        007C11
_RC2                        (abs)        007C12
_RCEN                       (abs)        007E2B
_RD7                        (abs)        007C1F
_RSEN                       (abs)        007E29
_SEN                        (abs)        007E28
_SMP                        (abs)        007E3F
_SSPADD                     (abs)        000FC8
_SSPBUF                     (abs)        000FC9
_SSPCON1                    (abs)        000FC6
_SSPIF                      (abs)        007CF3
_T08BIT                     (abs)        007EAE
_T0CS                       (abs)        007EAD
_TMR0                       (abs)        000FD6
_TMR0IE                     (abs)        007F95
_TMR0IF                     (abs)        007F92
_TMR0ON                     (abs)        007EAF
_TRISB                      (abs)        000F93
_TRISC                      (abs)        000F94
_TRISC3                     (abs)        007CA3
_TRISC4                     (abs)        007CA4
_TRISD                      (abs)        000F95
_TRISD7                     (abs)        007CAF
_VCFG0                      (abs)        007E0C
_VCFG1                      (abs)        007E0D
__HRAM                      (abs)        000000
__H__absolute__             __absolute__ 000000
__Habs1                     abs1         000000
__Hbank0                    bank0        000000
__Hbank1                    bank1        000000
__Hbank2                    bank2        000000
__Hbank3                    bank3        000000
__Hbank4                    bank4        000000
__Hbank5                    bank5        000000
__Hbigbss                   bigbss       000000
__Hbigdata                  bigdata      000000
__Hbigram                   bigram       000000
__Hbigsfr                   bigsfr       000000
__Hbss                      bss          000000
__HbssBANK0                 bssBANK0     000000
__HbssCOMRAM                bssCOMRAM    000000
__Hcinit                    cinit        000000
__Hclrtext                  clrtext      000000
__Hcomram                   comram       000000
__Hconfig                   config       30000E
__Hconst                    const        000000
__HcstackCOMRAM             cstackCOMRAM 000000
__Hdata                     data         000000
__HdataBANK0                dataBANK0    000000
__HdataCOMRAM               dataCOMRAM   000000
__Heeprom_data              eeprom_data  000000
__Hfarbss                   farbss       000000
__Hfardata                  fardata      000000
__Hheap                     heap         000000
__Hibigdata                 ibigdata     000000
__Hidata                    idata        000000
__HidataBANK0               idataBANK0   000000
__HidataCOMRAM              idataCOMRAM  000000
__Hidloc                    idloc        200008
__Hifardata                 ifardata     000000
__Hinit                     init         000012
__Hintcode                  intcode      00000E
__Hintcode_body             intcode_body 000000
__Hintcodelo                intcodelo    00000E
__Hintentry                 intentry     000000
__Hintret                   intret       000000
__Hintsave_regs             intsave_regs 000000
__Hirdata                   irdata       000000
__Hmediumconst              mediumconst  003000
__HnvFARRAM                 nvFARRAM     000000
__Hnvbit                    nvbit        000000
__Hnvrram                   nvrram       000000
__Hparam                    rparam       000000
__Hpowerup                  powerup      00000E
__Hram                      ram          000000
__Hramtop                   ramtop       000600
__Hrbit                     rbit         000000
__Hrbss                     rbss         000000
__Hrdata                    rdata        000000
__Hreset_vec                reset_vec    000004
__Hrparam                   rparam       000000
__Hsfr                      sfr          000000
__Hsmallconst               smallconst   000000
__Hspace_0                  (abs)        003000
__Hspace_1                  (abs)        0000B6
__Hspace_2                  (abs)        000000
__Hspace_4                  (abs)        60000E
__Hstack                    stack        000000
__Hstruct                   struct       000000
__Htemp                     temp         000060
__Htext                     text         000000
__Htext0                    text0        000000
__Htext1                    text1        000000
__Htext10                   text10       000000
__Htext11                   text11       000000
__Htext12                   text12       000000
__Htext13                   text13       000000
__Htext14                   text14       000000
__Htext15                   text15       000000
__Htext16                   text16       000000
__Htext17                   text17       000000
__Htext18                   text18       000000
__Htext19                   text19       000000
__Htext2                    text2        000000
__Htext20                   text20       000000
__Htext21                   text21       000000
__Htext22                   text22       000000
__Htext23                   text23       000000
__Htext24                   text24       000000
__Htext25                   text25       000000
__Htext26                   text26       000000
__Htext27                   text27       000000
__Htext28                   text28       000000
__Htext29                   text29       000000
__Htext3                    text3        000000
__Htext30                   text30       000000
__Htext31                   text31       000000
__Htext32                   text32       000000
__Htext33                   text33       000000
__Htext34                   text34       000000
__Htext35                   text35       000000
__Htext36                   text36       000000
__Htext37                   text37       000000
__Htext38                   text38       000000
__Htext39                   text39       000000
__Htext4                    text4        000000
__Htext40                   text40       000000
__Htext41                   text41       000000
__Htext42                   text42       000000
__Htext43                   text43       000000
__Htext5                    text5        000000
__Htext6                    text6        000000
__Htext7                    text7        000000
__Htext8                    text8        000000
__Htext9                    text9        000000
__LRAM                      (abs)        000001
__L__absolute__             __absolute__ 000000
__Labs1                     abs1         000000
__Lbank0                    bank0        000000
__Lbank1                    bank1        000000
__Lbank2                    bank2        000000
__Lbank3                    bank3        000000
__Lbank4                    bank4        000000
__Lbank5                    bank5        000000
__Lbigbss                   bigbss       000000
__Lbigdata                  bigdata      000000
__Lbigram                   bigram       000000
__Lbigsfr                   bigsfr       000000
__Lbss                      bss          000000
__LbssBANK0                 bssBANK0     000000
__LbssCOMRAM                bssCOMRAM    000000
__Lcinit                    cinit        000000
__Lclrtext                  clrtext      000000
__Lcomram                   comram       000000
__Lconfig                   config       000000
__Lconst                    const        000000
__LcstackCOMRAM             cstackCOMRAM 000000
__Ldata                     data         000000
__LdataBANK0                dataBANK0    000000
__LdataCOMRAM               dataCOMRAM   000000
__Leeprom_data              eeprom_data  000000
__Lfarbss                   farbss       000000
__Lfardata                  fardata      000000
__Lheap                     heap         000000
__Libigdata                 ibigdata     000000
__Lidata                    idata        000000
__LidataBANK0               idataBANK0   000000
__LidataCOMRAM              idataCOMRAM  000000
__Lidloc                    idloc        000000
__Lifardata                 ifardata     000000
__Linit                     init         00000E
__Lintcode                  intcode      000008
__Lintcode_body             intcode_body 000000
__Lintcodelo                intcodelo    00000E
__Lintentry                 intentry     000000
__Lintret                   intret       000000
__Lintsave_regs             intsave_regs 000000
__Lirdata                   irdata       000000
__Lmediumconst              mediumconst  002EAC
__LnvFARRAM                 nvFARRAM     000000
__Lnvbit                    nvbit        000000
__Lnvrram                   nvrram       000000
__Lparam                    rparam       000000
__Lpowerup                  powerup      00000E
__Lram                      ram          000000
__Lramtop                   ramtop       000600
__Lrbit                     rbit         000000
__Lrbss                     rbss         000000
__Lrdata                    rdata        000000
__Lreset_vec                reset_vec    000000
__Lrparam                   rparam       000000
__Lsfr                      sfr          000000
__Lsmallconst               smallconst   000000
__Lspace_0                  (abs)        000000
__Lspace_1                  (abs)        000000
__Lspace_2                  (abs)        000000
__Lspace_4                  (abs)        000000
__Lstack                    stack        000000
__Lstruct                   struct       000000
__Ltemp                     temp         00005F
__Ltext                     text         000000
__Ltext0                    text0        000000
__Ltext1                    text1        000000
__Ltext10                   text10       000000
__Ltext11                   text11       000000
__Ltext12                   text12       000000
__Ltext13                   text13       000000
__Ltext14                   text14       000000
__Ltext15                   text15       000000
__Ltext16                   text16       000000
__Ltext17                   text17       000000
__Ltext18                   text18       000000
__Ltext19                   text19       000000
__Ltext2                    text2        000000
__Ltext20                   text20       000000
__Ltext21                   text21       000000
__Ltext22                   text22       000000
__Ltext23                   text23       000000
__Ltext24                   text24       000000
__Ltext25                   text25       000000
__Ltext26                   text26       000000
__Ltext27                   text27       000000
__Ltext28                   text28       000000
__Ltext29                   text29       000000
__Ltext3                    text3        000000
__Ltext30                   text30       000000
__Ltext31                   text31       000000
__Ltext32                   text32       000000
__Ltext33                   text33       000000
__Ltext34                   text34       000000
__Ltext35                   text35       000000
__Ltext36                   text36       000000
__Ltext37                   text37       000000
__Ltext38                   text38       000000
__Ltext39                   text39       000000
__Ltext4                    text4        000000
__Ltext40                   text40       000000
__Ltext41                   text41       000000
__Ltext42                   text42       000000
__Ltext43                   text43       000000
__Ltext5                    text5        000000
__Ltext6                    text6        000000
__Ltext7                    text7        000000
__Ltext8                    text8        000000
__Ltext9                    text9        000000
__S0                        (abs)        003000
__S1                        (abs)        0000B6
__S4                        (abs)        000000
__S5                        (abs)        000000
___awdiv                    text18       001788
___awdiv@counter            cstackCOMRAM 000005
___awdiv@dividend           cstackCOMRAM 000001
___awdiv@divisor            cstackCOMRAM 000003
___awdiv@quotient           cstackCOMRAM 000007
___awdiv@sign               cstackCOMRAM 000006
___awmod                    text17       0019B2
___awmod@counter            cstackCOMRAM 000005
___awmod@dividend           cstackCOMRAM 000001
___awmod@divisor            cstackCOMRAM 000003
___awmod@sign               cstackCOMRAM 000006
___fldiv                    text43       000436
___fldiv@a                  cstackCOMRAM 00001B
___fldiv@aexp               cstackCOMRAM 00002F
___fldiv@b                  cstackCOMRAM 000017
___fldiv@bexp               cstackCOMRAM 00002E
___fldiv@grs                cstackCOMRAM 00002A
___fldiv@new_exp            cstackCOMRAM 000028
___fldiv@rem                cstackCOMRAM 000023
___fldiv@sign               cstackCOMRAM 000027
___fltol                    text42       00159C
___fltol@exp1               cstackCOMRAM 000039
___fltol@f1                 cstackCOMRAM 000030
___fltol@sign1              cstackCOMRAM 000038
___heap_hi                  (abs)        000000
___heap_lo                  (abs)        000000
___inthi_sp                 stack        000000
___intlo_sp                 stack        000000
___lwdiv                    text28       001AE2
___lwdiv@counter            cstackCOMRAM 000007
___lwdiv@dividend           cstackCOMRAM 000001
___lwdiv@divisor            cstackCOMRAM 000003
___lwdiv@quotient           cstackCOMRAM 000005
___lwmod                    text27       001D02
___lwmod@counter            cstackCOMRAM 000005
___lwmod@dividend           cstackCOMRAM 000001
___lwmod@divisor            cstackCOMRAM 000003
___param_bank               (abs)        000000
___rparam_used              (abs)        000001
___sp                       stack        000000
___xxtofl                   text41       0012E0
___xxtofl@arg               cstackCOMRAM 000013
___xxtofl@exp               cstackCOMRAM 000012
___xxtofl@sign              cstackCOMRAM 000011
___xxtofl@val               cstackCOMRAM 000009
__accesstop                 (abs)        000060
__activetblptr              (abs)        000002
__end_of___awdiv            text18       00184C
__end_of___awmod            text17       001A62
__end_of___fldiv            text43       0007D0
__end_of___fltol            text42       0016A2
__end_of___lwdiv            text28       001B56
__end_of___lwmod            text27       001D66
__end_of___xxtofl           text41       001494
__end_of__initialization    cinit        001CF4
__end_of_change_password    text36       000CB0
__end_of_clcd_print         text39       001C34
__end_of_clcd_putch         text38       002004
__end_of_clcd_write         text40       001ED2
__end_of_display_event      text29       0012E0
__end_of_display_speed      text26       001AE2
__end_of_display_time       text19       002030
__end_of_enter_password     text16       000A7A
__end_of_get_time           text20       001902
__end_of_i2c_idle           text35       002042
__end_of_i2c_no_ack         text25       002088
__end_of_i2c_read           text23       00204E
__end_of_i2c_rep_start      text22       00206A
__end_of_i2c_rx_mode        text24       002072
__end_of_i2c_start          text34       002082
__end_of_i2c_stop           text33       00207A
__end_of_i2c_write          text32       00205A
__end_of_init_adc           text15       001FB8
__end_of_init_clcd          text14       0019B2
__end_of_init_config        text8        001FD2
__end_of_init_ds1307        text12       001E56
__end_of_init_i2c           text11       00201A
__end_of_init_matrix_keypad text10       002062
__end_of_init_timer0        text9        001FEC
__end_of_isr                intcode_body 001DBE
__end_of_main               text0        000ECE
__end_of_menu               text5        000436
__end_of_read_adc           text4        001E0E
__end_of_read_ds1307        text21       001F54
__end_of_read_event         text6        001E98
__end_of_read_ext_eeprom    text7        001F2A
__end_of_read_switches      text2        001BC8
__end_of_scan_key           text3        00159C
__end_of_store_event        text30       001C9E
__end_of_store_password     text37       001788
__end_of_view_log           text1        0010E4
__end_of_write_ds1307       text13       001F9A
__end_of_write_ext_eeprom   text31       001F00
__initialization            cinit        001C9E
__mediumconst               mediumconst  002EAC
__pbssBANK0                 bssBANK0     000060
__pbssCOMRAM                bssCOMRAM    00003F
__pcinit                    cinit        001C9E
__pcstackCOMRAM             cstackCOMRAM 000001
__pdataBANK0                dataBANK0    00008E
__pdataCOMRAM               dataCOMRAM   00005C
__pidataBANK0               idataBANK0   001F54
__pidataCOMRAM              idataCOMRAM  002088
__pintcode                  intcode      000008
__pintcode_body             intcode_body 001D66
__pmediumconst              mediumconst  002EAC
__ptext0                    text0        000CB0
__ptext1                    text1        000ECE
__ptext10                   text10       00205A
__ptext11                   text11       002004
__ptext12                   text12       001E0E
__ptext13                   text13       001F7C
__ptext14                   text14       001902
__ptext15                   text15       001F9A
__ptext16                   text16       0007D0
__ptext17                   text17       0019B2
__ptext18                   text18       001788
__ptext19                   text19       00201A
__ptext2                    text2        001B56
__ptext20                   text20       00184C
__ptext21                   text21       001F2A
__ptext22                   text22       002062
__ptext23                   text23       002042
__ptext24                   text24       00206A
__ptext25                   text25       002082
__ptext26                   text26       001A62
__ptext27                   text27       001D02
__ptext28                   text28       001AE2
__ptext29                   text29       0010E4
__ptext3                    text3        001494
__ptext30                   text30       001C34
__ptext31                   text31       001ED2
__ptext32                   text32       00204E
__ptext33                   text33       002072
__ptext34                   text34       00207A
__ptext35                   text35       002030
__ptext36                   text36       000A7A
__ptext37                   text37       0016A2
__ptext38                   text38       001FEC
__ptext39                   text39       001BC8
__ptext4                    text4        001DBE
__ptext40                   text40       001E98
__ptext41                   text41       0012E0
__ptext42                   text42       00159C
__ptext43                   text43       000436
__ptext5                    text5        000012
__ptext6                    text6        001E56
__ptext7                    text7        001F00
__ptext8                    text8        001FB8
__ptext9                    text9        001FD2
__ramtop                    ramtop       000600
__smallconst                smallconst   000000
_attempt                    dataCOMRAM   00005C
_change_password            text36       000A7A
_clcd_print                 text39       001BC8
_clcd_putch                 text38       001FEC
_clcd_write                 text40       001E98
_clock_reg                  bssCOMRAM    00003F
_confirm_password           bssCOMRAM    000050
_count                      bssCOMRAM    000052
_count_eve                  bssCOMRAM    00005A
_count_isr                  bssCOMRAM    000042
_data                       bssBANK0     000060
_display_event              text29       0010E4
_display_speed              text26       001A62
_display_time               text19       00201A
_enter_password             text16       0007D0
_ev                         bssCOMRAM    000059
_event                      bssBANK0     000071
_event_flag                 bssCOMRAM    000046
_flag                       bssCOMRAM    000055
_gear                       bssCOMRAM    000056
_get_time                   text20       00184C
_i2c_idle                   text35       002030
_i2c_no_ack                 text25       002082
_i2c_read                   text23       002042
_i2c_rep_start              text22       002062
_i2c_rx_mode                text24       00206A
_i2c_start                  text34       00207A
_i2c_stop                   text33       002072
_i2c_write                  text32       00204E
_ind                        bssCOMRAM    000053
_ind_1                      bssCOMRAM    00004F
_ind_2                      bssCOMRAM    00004E
_init_adc                   text15       001F9A
_init_clcd                  text14       001902
_init_config                text8        001FB8
_init_ds1307                text12       001E0E
_init_i2c                   text11       002004
_init_matrix_keypad         text10       00205A
_init_timer0                text9        001FD2
_input_pass                 bssBANK0     00008A
_isr                        intcode      000008
_line                       bssCOMRAM    00004D
_log_index                  bssCOMRAM    000047
_main                       text0        000CB0
_menu                       text5        000012
_menu_eve                   dataBANK0    00009E
_menu_opt                   dataBANK0    0000A8
_mode                       bssCOMRAM    000049
_new_password               bssCOMRAM    000051
_option                     bssCOMRAM    000048
_pass_flag                  bssCOMRAM    00005B
_password                   dataBANK0    0000B2
_pre_key_1                  bssCOMRAM    00004A
_prekey                     bssCOMRAM    00004B
_read_adc                   text4        001DBE
_read_ds1307                text21       001F2A
_read_event                 text6        001E56
_read_ext_eeprom            text7        001F00
_read_switches              text2        001B56
_repeated_event             bssCOMRAM    000054
_scan_key                   text3        001494
_sec                        dataCOMRAM   00005E
_signature                  dataBANK0    00008E
_star                       bssCOMRAM    00004C
_store_event                text30       001C34
_store_password             text37       0016A2
_time                       bssBANK0     000081
_total_events               bssCOMRAM    000058
_view_log                   text1        000ECE
_wait                       bssCOMRAM    000044
_write_ds1307               text13       001F7C
_write_ext_eeprom           text31       001ED2
btemp                       temp         00005F
change_password@j           cstackCOMRAM 000013
change_password@key         cstackCOMRAM 000012
clcd_print@addr             cstackCOMRAM 000005
clcd_print@data             cstackCOMRAM 000003
clcd_putch@addr             cstackCOMRAM 000009
clcd_putch@data             cstackCOMRAM 00000A
clcd_write@byte             cstackCOMRAM 000002
clcd_write@control_bit      cstackCOMRAM 000001
display_event@key           cstackCOMRAM 00000B
display_speed@speed         cstackCOMRAM 00000B
end_of_initialization       cinit        001CF4
enter_password@j            cstackCOMRAM 000013
enter_password@key          cstackCOMRAM 000012
i2c_write@data              cstackCOMRAM 000001
init_ds1307@dummy           cstackCOMRAM 000004
int$flags                   temp         00005F
int_func                    intcode_body 001D66
intlevel0                   text         000000
intlevel1                   text         000000
intlevel2                   text         000000
intlevel3                   text         000000
isa$std                     (abs)        000001
isa$xinst                   (abs)        000000
main@adc_val                cstackCOMRAM 00003C
main@key                    cstackCOMRAM 00003E
menu@key                    cstackCOMRAM 00000D
read_adc@channel            cstackCOMRAM 000008
read_ds1307@address         cstackCOMRAM 000002
read_ds1307@data            cstackCOMRAM 000003
read_event@address          cstackCOMRAM 000004
read_event@data             cstackCOMRAM 000006
read_event@i                cstackCOMRAM 00000A
read_ext_eeprom@address     cstackCOMRAM 000002
read_ext_eeprom@data        cstackCOMRAM 000003
read_switches@detection     cstackCOMRAM 000001
read_switches@key           bssCOMRAM    000057
read_switches@once          dataCOMRAM   00005D
stackhi                     (abs)        000000
stacklo                     (abs)        000000
start                       init         00000E
start_initialization        cinit        001C9E
store_event@address         cstackCOMRAM 000007
store_event@data            cstackCOMRAM 000005
store_event@i               cstackCOMRAM 000008
store_password@key          cstackCOMRAM 00000F
store_password@pass         cstackCOMRAM 00000B
ttemp5                      temp         000060
ttemp6                      temp         000063
ttemp7                      temp         000067
view_log@key                cstackCOMRAM 000010
write_ds1307@address        cstackCOMRAM 000003
write_ds1307@data           cstackCOMRAM 000002
write_ext_eeprom@address    cstackCOMRAM 000004
write_ext_eeprom@data       cstackCOMRAM 000002
wtemp8                      temp         000060


MODULE INFORMATION

Module		Function		Class		Link	Load	Size
C:\Program Files\Microchip\xc8\v2.41\pic\sources\c99\common\awmod.c
		___awmod       		CODE           	19B2	0000	176

C:\Program Files\Microchip\xc8\v2.41\pic\sources\c99\common\awmod.c estimated size: 176

car_black_box.c
		_view_log      		CODE           	0ECE	0000	534
		_menu          		CODE           	0012	0000	1060
		_display_speed 		CODE           	1A62	0000	128
		_display_event 		CODE           	10E4	0000	508
		_change_password		CODE           	0A7A	0000	566
		_store_password		CODE           	16A2	0000	230
		_enter_password		CODE           	07D0	0000	682

car_black_box.c estimated size: 3708

matrix_keypad.c
		_init_matrix_keypad		CODE           	205A	0000	8
		_read_switches 		CODE           	1B56	0000	114
		_scan_key      		CODE           	1494	0000	264

matrix_keypad.c estimated size: 386

C:\Program Files\Microchip\xc8\v2.41\pic\sources\c99\common\fltol.c
		___fltol       		CODE           	159C	0000	262

C:\Program Files\Microchip\xc8\v2.41\pic\sources\c99\common\fltol.c estimated size: 262

C:\Program Files\Microchip\xc8\v2.41\pic\sources\c99\common\xxtofl.c
		___xxtofl      		CODE           	12E0	0000	436

C:\Program Files\Microchip\xc8\v2.41\pic\sources\c99\common\xxtofl.c estimated size: 436

i2c.c
		_i2c_start     		CODE           	207A	0000	8
		_i2c_no_ack    		CODE           	2082	0000	6
		_i2c_rep_start 		CODE           	2062	0000	8
		_i2c_idle      		CODE           	2030	0000	18
		_i2c_write     		CODE           	204E	0000	12
		_i2c_stop      		CODE           	2072	0000	8
		_i2c_read      		CODE           	2042	0000	12
		_init_i2c      		CODE           	2004	0000	22
		_i2c_rx_mode   		CODE           	206A	0000	8

i2c.c estimated size: 102

C:\Program Files\Microchip\xc8\v2.41\pic\sources\c99\common\lwdiv.c
		___lwdiv       		CODE           	1AE2	0000	116

C:\Program Files\Microchip\xc8\v2.41\pic\sources\c99\common\lwdiv.c estimated size: 116

C:\Program Files\Microchip\xc8\v2.41\pic\sources\c99\common\awdiv.c
		___awdiv       		CODE           	1788	0000	196

C:\Program Files\Microchip\xc8\v2.41\pic\sources\c99\common\awdiv.c estimated size: 196

timer0.c
		_init_timer0   		CODE           	1FD2	0000	26

timer0.c estimated size: 26

eeprom.c
		_write_ext_eeprom		CODE           	1ED2	0000	46
		_read_ext_eeprom		CODE           	1F00	0000	42
		_read_event    		CODE           	1E56	0000	66
		_store_event   		CODE           	1C34	0000	106

eeprom.c estimated size: 260

adc.c
		_init_adc      		CODE           	1F9A	0000	30
		_read_adc      		CODE           	1DBE	0000	80

adc.c estimated size: 110

isr.c
		_isr           		CODE           	0008	0000	94

isr.c estimated size: 94

shared
		__initialization		CODE           	1C9E	0000	86

shared estimated size: 86

clcd.c
		_clcd_write    		CODE           	1E98	0000	58
		_clcd_print    		CODE           	1BC8	0000	108
		_clcd_putch    		CODE           	1FEC	0000	24
		_init_clcd     		CODE           	1902	0000	176

clcd.c estimated size: 366

main.c
		_display_time  		CODE           	201A	0000	22
		_main          		CODE           	0CB0	0000	542
		_get_time      		CODE           	184C	0000	182
		_init_config   		CODE           	1FB8	0000	26

main.c estimated size: 772

RTC.c
		_read_ds1307   		CODE           	1F2A	0000	42
		_write_ds1307  		CODE           	1F7C	0000	30
		_init_ds1307   		CODE           	1E0E	0000	72

RTC.c estimated size: 144

C:\Program Files\Microchip\xc8\v2.41\pic\sources\c99\common\sprcdiv.c
		___fldiv       		CODE           	0436	0000	922

C:\Program Files\Microchip\xc8\v2.41\pic\sources\c99\common\sprcdiv.c estimated size: 922

C:\Program Files\Microchip\xc8\v2.41\pic\sources\c99\common\lwmod.c
		___lwmod       		CODE           	1D02	0000	100

C:\Program Files\Microchip\xc8\v2.41\pic\sources\c99\common\lwmod.c estimated size: 100

