Microchip MPLAB XC8 Compiler V2.41

Linker command line:

-W-3 \
  --edf=C:\Program Files\Microchip\xc8\v2.41\pic\dat\20230208172133_en.msgs \
  -cn -h+dist/default/production\Car_Black_Box.X.production.sym \
  --cmf=dist/default/production\Car_Black_Box.X.production.cmf -z -Q18F4580 \
  -oC:\Users\palan\AppData\Local\Temp\xcCsabg.2\driver_tmp_3.o \
  --defsym=__MPLAB_BUILD=1 --fixupoverflow=error \
  -Mdist/default/production/Car_Black_Box.X.production.map \
  --md=C:\Users\palan\AppData\Local\Temp\xcCsabg.2\driver_tmp_0.dat -E1 \
  -ver=XC8 Compiler --acfsm=1493 -ACODE=00h-03000h -ACONST=00h-03000h \
  -ASMALLCONST=0600h-06FFhx42,03000h-03000h -AMEDIUMCONST=0600h-03000h \
  -ACOMRAM=01h-05Fh -AABS1=00h-05FFh -ABIGRAM=01h-05FFh \
  -ARAM=060h-0FFh,0100h-01FFhx5 -ABANK0=060h-0FFh -ABANK1=0100h-01FFh \
  -ABANK2=0200h-02FFh -ABANK3=0300h-03FFh -ABANK4=0400h-04FFh \
  -ABANK5=0500h-05FFh -ASFR=0D00h-0DFFhx2,0F00h-0F5Fh,0F60h-0FFFh \
  -ABIGSFR=0D00h-0FFFh -ACONFIG=0300000h-030000Dh -AIDLOC=0200000h-0200007h \
  -AEEDATA=0F00000h-0F000FFh -peeprom_data=EEDATA \
  -preset_vec=00h,intcode=08h,intcodelo,powerup,init -pramtop=0600h \
  -psmallconst=SMALLCONST -pmediumconst=MEDIUMCONST -pconst=CONST \
  -AFARRAM=00h-00h \
  -prdata=COMRAM,nvrram=COMRAM,nvbit=COMRAM,rbss=COMRAM,rbit=COMRAM \
  -pfarbss=FARRAM,fardata=FARRAM,nvFARRAM=FARRAM \
  -pintsave_regs=BIGRAM,bigbss=BIGRAM,bigdata=BIGRAM -pbss=RAM \
  -pidata=CODE,irdata=CODE,ibigdata=CODE,ifardata=CODE -prparam=COMRAM \
  C:\Users\palan\AppData\Local\Temp\xcCsabg.2\driver_tmp_9.o \
  dist/default/production\Car_Black_Box.X.production.o 

Object code version is 3.11

Machine type is 18F4580



                Name                               Link     Load   Length Selector   Space Scale
C:\Users\palan\AppData\Local\Temp\xcCsabg.2\driver_tmp_9.o
                idloc                            200000   200000        8        0       5
                config                           300000   300000        E        0       4
                init                                  E        E        4        4       0
                reset_vec                             0        0        4        0       0
dist/default/production\Car_Black_Box.X.production.o
                intcode                               8        8        6        4       0
                idloc                            200000   200000        8        0       5
                config                           300000   300000        E        0       4
                temp                                 5F       5F        1        1       1
                mediumconst                        2E34     2E34      1CC     171A       0
                intcode_body                       2292     2292       5A        4       0
                text50                              932      932      39A        4       0
                text49                             1906     1906      106        4       0
                text48                             164A     164A      1B4        4       0
                text47                             2400     2400       3A        4       0
                text46                             215E     215E       6C        4       0
                text45                             2600     2600       18        4       0
                text44                             1B0E     1B0E       E6        4       0
                text43                             2644     2644       12        4       0
                text42                             268E     268E        8        4       0
                text41                             2686     2686        8        4       0
                text40                             2662     2662        C        4       0
                text39                             24A8     24A8       2E        4       0
                text38                               12       12      4D0        4       0
                text37                             1EC8     1EC8       A4        4       0
                text36                             1F6C     1F6C       8C        4       0
                text35                              F7C      F7C      280        4       0
                text34                             2078     2078       74        4       0
                text33                             222E     222E       64        4       0
                text32                             1FF8     1FF8       80        4       0
                text31                             2696     2696        6        4       0
                text30                             267E     267E        8        4       0
                text29                             2656     2656        C        4       0
                text28                             2676     2676        8        4       0
                text27                             2500     2500       2A        4       0
                text26                             1E18     1E18       B0        4       0
                text25                             262E     262E       16        4       0
                text24                             1BF4     1BF4       C4        4       0
                text23                             1D68     1D68       B0        4       0
                text22                             23C6     23C6       3A        4       0
                text21                             25E8     25E8       18        4       0
                text20                             2472     2472       36        4       0
                text19                             1A0C     1A0C      102        4       0
                text18                              CCC      CCC      2B0        4       0
                text17                             2596     2596       1E        4       0
                text16                             1CB8     1CB8       B0        4       0
                text15                             2578     2578       1E        4       0
                text14                             233C     233C       48        4       0
                text13                             2618     2618       16        4       0
                text12                             266E     266E        8        4       0
                text11                             25CE     25CE       1A        4       0
                text10                             25B4     25B4       1A        4       0
                text9                              2552     2552       26        4       0
                text8                              24D6     24D6       2A        4       0
                text7                              2384     2384       42        4       0
                text6                               4E2      4E2      450        4       0
                text5                              22EC     22EC       50        4       0
                text4                              17FE     17FE      108        4       0
                text3                              20EC     20EC       72        4       0
                text2                              243A     243A       38        4       0
                text1                              145E     145E      1EC        4       0
                text0                              11FC     11FC      262        4       0
                cstackCOMRAM                          1        1       3F        1       1
                dataBANK0                            8E       8E       28       60       1
                bssBANK0                             60       60       2E       60       1
                dataCOMRAM                           5C       5C        3        1       1
                bssCOMRAM                            40       40       1C        1       1
                cinit                              21CA     21CA       64        4       0
                idataBANK0                         252A     252A       28        4       0
                idataCOMRAM                        269C     269C        3        4       0

TOTAL           Name                               Link     Load   Length     Space
        CLASS   CODE           
                intcode                               8        8        6         0
                init                                  E        E        4         0
                reset_vec                             0        0        4         0
                intcode_body                       2292     2292       5A         0
                text50                              932      932      39A         0
                text49                             1906     1906      106         0
                text48                             164A     164A      1B4         0
                text47                             2400     2400       3A         0
                text46                             215E     215E       6C         0
                text45                             2600     2600       18         0
                text44                             1B0E     1B0E       E6         0
                text43                             2644     2644       12         0
                text42                             268E     268E        8         0
                text41                             2686     2686        8         0
                text40                             2662     2662        C         0
                text39                             24A8     24A8       2E         0
                text38                               12       12      4D0         0
                text37                             1EC8     1EC8       A4         0
                text36                             1F6C     1F6C       8C         0
                text35                              F7C      F7C      280         0
                text34                             2078     2078       74         0
                text33                             222E     222E       64         0
                text32                             1FF8     1FF8       80         0
                text31                             2696     2696        6         0
                text30                             267E     267E        8         0
                text29                             2656     2656        C         0
                text28                             2676     2676        8         0
                text27                             2500     2500       2A         0
                text26                             1E18     1E18       B0         0
                text25                             262E     262E       16         0
                text24                             1BF4     1BF4       C4         0
                text23                             1D68     1D68       B0         0
                text22                             23C6     23C6       3A         0
                text21                             25E8     25E8       18         0
                text20                             2472     2472       36         0
                text19                             1A0C     1A0C      102         0
                text18                              CCC      CCC      2B0         0
                text17                             2596     2596       1E         0
                text16                             1CB8     1CB8       B0         0
                text15                             2578     2578       1E         0
                text14                             233C     233C       48         0
                text13                             2618     2618       16         0
                text12                             266E     266E        8         0
                text11                             25CE     25CE       1A         0
                text10                             25B4     25B4       1A         0
                text9                              2552     2552       26         0
                text8                              24D6     24D6       2A         0
                text7                              2384     2384       42         0
                text6                               4E2      4E2      450         0
                text5                              22EC     22EC       50         0
                text4                              17FE     17FE      108         0
                text3                              20EC     20EC       72         0
                text2                              243A     243A       38         0
                text1                              145E     145E      1EC         0
                text0                              11FC     11FC      262         0
                cinit                              21CA     21CA       64         0
                idataBANK0                         252A     252A       28         0
                idataCOMRAM                        269C     269C        3         0

        CLASS   CONST          

        CLASS   SMALLCONST     

        CLASS   MEDIUMCONST    
                mediumconst                        2E34     2E34      1CC         0

        CLASS   COMRAM         
                temp                                 5F       5F        1         1
                cstackCOMRAM                          1        1       3F         1
                dataCOMRAM                           5C       5C        3         1
                bssCOMRAM                            40       40       1C         1

        CLASS   ABS1           

        CLASS   BIGRAM         

        CLASS   RAM            

        CLASS   BANK0          
                dataBANK0                            8E       8E       28         1
                bssBANK0                             60       60       2E         1

        CLASS   BANK1          

        CLASS   BANK2          

        CLASS   BANK3          

        CLASS   BANK4          

        CLASS   BANK5          

        CLASS   SFR            

        CLASS   BIGSFR         

        CLASS   CONFIG         
                config                           300000   300000        E         4

        CLASS   IDLOC          
                idloc                            200000   200000        8         5

        CLASS   EEDATA         

        CLASS   FARRAM         

        CLASS   HEAP           

        CLASS   STACK          



SEGMENTS        Name                           Load    Length   Top    Selector   Space  Class

                reset_vec                      000000  000004  000004         0       0  CODE    
                cstackCOMRAM                   000001  00005F  000060         1       1  COMRAM  
                intcode                        000008  002697  00269F         4       0  CODE    
                bssBANK0                       000060  000056  0000B6        60       1  BANK0   
                mediumconst                    002E34  0001CC  003000      171A       0  MEDIUMCO


UNUSED ADDRESS RANGES

        Name                Unused          Largest block    Delta
        BANK0            0000B6-0000FF               4A
        BANK1            000100-0001FF              100
        BANK2            000200-0002FF              100
        BANK3            000300-0003FF              100
        BANK4            000400-0004FF              100
        BANK5            000500-0005FF              100
        BIGRAM           0000B6-0005FF              54A
        BIGSFR           000D00-000FFF              300
        CODE             000004-000007                4
                         00269F-002E33              795
                         003000-003000                1
        CONST            000004-000007                4
                         00269F-002E33              795
                         003000-003000                1
        EEDATA           F00000-F000FF              100
        MEDIUMCONST      00269F-002E33              795
                         003000-003000                1
        RAM              0000B6-0005FF              100
        SFR              000D00-000FFF              100
        SMALLCONST       00269F-002E33              100
                         003000-003000                1

                                  Symbol Table

?___awdiv                   cstackCOMRAM 000007
?___awmod                   cstackCOMRAM 000001
?___fldiv                   cstackCOMRAM 000017
?___fltol                   cstackCOMRAM 000030
?___lwdiv                   cstackCOMRAM 000001
?___lwmod                   cstackCOMRAM 000001
?___wmul                    cstackCOMRAM 000007
?___xxtofl                  cstackCOMRAM 000009
?_read_adc                  cstackCOMRAM 000001
_ABDEN                      (abs)        007DC0
_ABDOVF                     (abs)        007DC7
_ACKDT                      (abs)        007E2D
_ACKEN                      (abs)        007E2C
_ACKSTAT                    (abs)        007E2E
_ACQT0                      (abs)        007E03
_ACQT1                      (abs)        007E04
_ACQT2                      (abs)        007E05
_ADCON0                     (abs)        000FC2
_ADCS0                      (abs)        007E00
_ADCS1                      (abs)        007E01
_ADCS2                      (abs)        007E02
_ADDEN                      (abs)        007D5B
_ADFM                       (abs)        007E07
_ADON                       (abs)        007E10
_ADRESH                     (abs)        000FC4
_ADRESL                     (abs)        000FC3
_BCLIF                      (abs)        007D0B
_BRG16                      (abs)        007DC3
_BRGH                       (abs)        007D62
_CKE                        (abs)        007E3E
_CREN                       (abs)        007D5C
_CSRC                       (abs)        007D67
_FERR                       (abs)        007D5A
_GIE                        (abs)        007F97
_GO                         (abs)        007E11
_OERR                       (abs)        007D59
_PCFG0                      (abs)        007E08
_PCFG1                      (abs)        007E09
_PCFG2                      (abs)        007E0A
_PCFG3                      (abs)        007E0B
_PEIE                       (abs)        007F96
_PEN                        (abs)        007E2A
_PORTD                      (abs)        000F83
_PSA                        (abs)        007EAB
_RB1                        (abs)        007C09
_RB2                        (abs)        007C0A
_RB3                        (abs)        007C0B
_RB4                        (abs)        007C0C
_RB5                        (abs)        007C0D
_RB6                        (abs)        007C0E
_RB7                        (abs)        007C0F
_RBPU                       (abs)        007F8F
_RC0                        (abs)        007C10
_RC1                        (abs)        007C11
_RC2                        (abs)        007C12
_RCEN                       (abs)        007E2B
_RCIDL                      (abs)        007DC6
_RCIE                       (abs)        007CED
_RCIF                       (abs)        007CF5
_RCREG                      (abs)        000FAE
_RD7                        (abs)        007C1F
_RSEN                       (abs)        007E29
_RX9                        (abs)        007D5E
_SCKP                       (abs)        007DC4
_SEN                        (abs)        007E28
_SENDB                      (abs)        007D63
_SMP                        (abs)        007E3F
_SPBRG                      (abs)        000FAF
_SPEN                       (abs)        007D5F
_SREN                       (abs)        007D5D
_SSPADD                     (abs)        000FC8
_SSPBUF                     (abs)        000FC9
_SSPCON1                    (abs)        000FC6
_SSPIF                      (abs)        007CF3
_SYNC                       (abs)        007D64
_T08BIT                     (abs)        007EAE
_T0CS                       (abs)        007EAD
_TMR0                       (abs)        000FD6
_TMR0IE                     (abs)        007F95
_TMR0IF                     (abs)        007F92
_TMR0ON                     (abs)        007EAF
_TRISB                      (abs)        000F93
_TRISC                      (abs)        000F94
_TRISC3                     (abs)        007CA3
_TRISC4                     (abs)        007CA4
_TRISC6                     (abs)        007CA6
_TRISC7                     (abs)        007CA7
_TRISD                      (abs)        000F95
_TRISD7                     (abs)        007CAF
_TRMT                       (abs)        007D61
_TX9                        (abs)        007D66
_TXEN                       (abs)        007D65
_TXIE                       (abs)        007CEC
_TXIF                       (abs)        007CF4
_TXREG                      (abs)        000FAD
_VCFG0                      (abs)        007E0C
_VCFG1                      (abs)        007E0D
_WUE                        (abs)        007DC1
__HRAM                      (abs)        000000
__H__absolute__             __absolute__ 000000
__Habs1                     abs1         000000
__Hbank0                    bank0        000000
__Hbank1                    bank1        000000
__Hbank2                    bank2        000000
__Hbank3                    bank3        000000
__Hbank4                    bank4        000000
__Hbank5                    bank5        000000
__Hbigbss                   bigbss       000000
__Hbigdata                  bigdata      000000
__Hbigram                   bigram       000000
__Hbigsfr                   bigsfr       000000
__Hbss                      bss          000000
__HbssBANK0                 bssBANK0     000000
__HbssCOMRAM                bssCOMRAM    000000
__Hcinit                    cinit        000000
__Hclrtext                  clrtext      000000
__Hcomram                   comram       000000
__Hconfig                   config       30000E
__Hconst                    const        000000
__HcstackCOMRAM             cstackCOMRAM 000000
__Hdata                     data         000000
__HdataBANK0                dataBANK0    000000
__HdataCOMRAM               dataCOMRAM   000000
__Heeprom_data              eeprom_data  000000
__Hfarbss                   farbss       000000
__Hfardata                  fardata      000000
__Hheap                     heap         000000
__Hibigdata                 ibigdata     000000
__Hidata                    idata        000000
__HidataBANK0               idataBANK0   000000
__HidataCOMRAM              idataCOMRAM  000000
__Hidloc                    idloc        200008
__Hifardata                 ifardata     000000
__Hinit                     init         000012
__Hintcode                  intcode      00000E
__Hintcode_body             intcode_body 000000
__Hintcodelo                intcodelo    00000E
__Hintentry                 intentry     000000
__Hintret                   intret       000000
__Hintsave_regs             intsave_regs 000000
__Hirdata                   irdata       000000
__Hmediumconst              mediumconst  003000
__HnvFARRAM                 nvFARRAM     000000
__Hnvbit                    nvbit        000000
__Hnvrram                   nvrram       000000
__Hparam                    rparam       000000
__Hpowerup                  powerup      00000E
__Hram                      ram          000000
__Hramtop                   ramtop       000600
__Hrbit                     rbit         000000
__Hrbss                     rbss         000000
__Hrdata                    rdata        000000
__Hreset_vec                reset_vec    000004
__Hrparam                   rparam       000000
__Hsfr                      sfr          000000
__Hsmallconst               smallconst   000000
__Hspace_0                  (abs)        003000
__Hspace_1                  (abs)        0000B6
__Hspace_2                  (abs)        000000
__Hspace_4                  (abs)        60000E
__Hstack                    stack        000000
__Hstruct                   struct       000000
__Htemp                     temp         000060
__Htext                     text         000000
__Htext0                    text0        000000
__Htext1                    text1        000000
__Htext10                   text10       000000
__Htext11                   text11       000000
__Htext12                   text12       000000
__Htext13                   text13       000000
__Htext14                   text14       000000
__Htext15                   text15       000000
__Htext16                   text16       000000
__Htext17                   text17       000000
__Htext18                   text18       000000
__Htext19                   text19       000000
__Htext2                    text2        000000
__Htext20                   text20       000000
__Htext21                   text21       000000
__Htext22                   text22       000000
__Htext23                   text23       000000
__Htext24                   text24       000000
__Htext25                   text25       000000
__Htext26                   text26       000000
__Htext27                   text27       000000
__Htext28                   text28       000000
__Htext29                   text29       000000
__Htext3                    text3        000000
__Htext30                   text30       000000
__Htext31                   text31       000000
__Htext32                   text32       000000
__Htext33                   text33       000000
__Htext34                   text34       000000
__Htext35                   text35       000000
__Htext36                   text36       000000
__Htext37                   text37       000000
__Htext38                   text38       000000
__Htext39                   text39       000000
__Htext4                    text4        000000
__Htext40                   text40       000000
__Htext41                   text41       000000
__Htext42                   text42       000000
__Htext43                   text43       000000
__Htext44                   text44       000000
__Htext45                   text45       000000
__Htext46                   text46       000000
__Htext47                   text47       000000
__Htext48                   text48       000000
__Htext49                   text49       000000
__Htext5                    text5        000000
__Htext50                   text50       000000
__Htext6                    text6        000000
__Htext7                    text7        000000
__Htext8                    text8        000000
__Htext9                    text9        000000
__LRAM                      (abs)        000001
__L__absolute__             __absolute__ 000000
__Labs1                     abs1         000000
__Lbank0                    bank0        000000
__Lbank1                    bank1        000000
__Lbank2                    bank2        000000
__Lbank3                    bank3        000000
__Lbank4                    bank4        000000
__Lbank5                    bank5        000000
__Lbigbss                   bigbss       000000
__Lbigdata                  bigdata      000000
__Lbigram                   bigram       000000
__Lbigsfr                   bigsfr       000000
__Lbss                      bss          000000
__LbssBANK0                 bssBANK0     000000
__LbssCOMRAM                bssCOMRAM    000000
__Lcinit                    cinit        000000
__Lclrtext                  clrtext      000000
__Lcomram                   comram       000000
__Lconfig                   config       000000
__Lconst                    const        000000
__LcstackCOMRAM             cstackCOMRAM 000000
__Ldata                     data         000000
__LdataBANK0                dataBANK0    000000
__LdataCOMRAM               dataCOMRAM   000000
__Leeprom_data              eeprom_data  000000
__Lfarbss                   farbss       000000
__Lfardata                  fardata      000000
__Lheap                     heap         000000
__Libigdata                 ibigdata     000000
__Lidata                    idata        000000
__LidataBANK0               idataBANK0   000000
__LidataCOMRAM              idataCOMRAM  000000
__Lidloc                    idloc        000000
__Lifardata                 ifardata     000000
__Linit                     init         00000E
__Lintcode                  intcode      000008
__Lintcode_body             intcode_body 000000
__Lintcodelo                intcodelo    00000E
__Lintentry                 intentry     000000
__Lintret                   intret       000000
__Lintsave_regs             intsave_regs 000000
__Lirdata                   irdata       000000
__Lmediumconst              mediumconst  002E34
__LnvFARRAM                 nvFARRAM     000000
__Lnvbit                    nvbit        000000
__Lnvrram                   nvrram       000000
__Lparam                    rparam       000000
__Lpowerup                  powerup      00000E
__Lram                      ram          000000
__Lramtop                   ramtop       000600
__Lrbit                     rbit         000000
__Lrbss                     rbss         000000
__Lrdata                    rdata        000000
__Lreset_vec                reset_vec    000000
__Lrparam                   rparam       000000
__Lsfr                      sfr          000000
__Lsmallconst               smallconst   000000
__Lspace_0                  (abs)        000000
__Lspace_1                  (abs)        000000
__Lspace_2                  (abs)        000000
__Lspace_4                  (abs)        000000
__Lstack                    stack        000000
__Lstruct                   struct       000000
__Ltemp                     temp         00005F
__Ltext                     text         000000
__Ltext0                    text0        000000
__Ltext1                    text1        000000
__Ltext10                   text10       000000
__Ltext11                   text11       000000
__Ltext12                   text12       000000
__Ltext13                   text13       000000
__Ltext14                   text14       000000
__Ltext15                   text15       000000
__Ltext16                   text16       000000
__Ltext17                   text17       000000
__Ltext18                   text18       000000
__Ltext19                   text19       000000
__Ltext2                    text2        000000
__Ltext20                   text20       000000
__Ltext21                   text21       000000
__Ltext22                   text22       000000
__Ltext23                   text23       000000
__Ltext24                   text24       000000
__Ltext25                   text25       000000
__Ltext26                   text26       000000
__Ltext27                   text27       000000
__Ltext28                   text28       000000
__Ltext29                   text29       000000
__Ltext3                    text3        000000
__Ltext30                   text30       000000
__Ltext31                   text31       000000
__Ltext32                   text32       000000
__Ltext33                   text33       000000
__Ltext34                   text34       000000
__Ltext35                   text35       000000
__Ltext36                   text36       000000
__Ltext37                   text37       000000
__Ltext38                   text38       000000
__Ltext39                   text39       000000
__Ltext4                    text4        000000
__Ltext40                   text40       000000
__Ltext41                   text41       000000
__Ltext42                   text42       000000
__Ltext43                   text43       000000
__Ltext44                   text44       000000
__Ltext45                   text45       000000
__Ltext46                   text46       000000
__Ltext47                   text47       000000
__Ltext48                   text48       000000
__Ltext49                   text49       000000
__Ltext5                    text5        000000
__Ltext50                   text50       000000
__Ltext6                    text6        000000
__Ltext7                    text7        000000
__Ltext8                    text8        000000
__Ltext9                    text9        000000
__S0                        (abs)        003000
__S1                        (abs)        0000B6
__S4                        (abs)        000000
__S5                        (abs)        000000
___awdiv                    text24       001BF4
___awdiv@counter            cstackCOMRAM 00000B
___awdiv@dividend           cstackCOMRAM 000007
___awdiv@divisor            cstackCOMRAM 000009
___awdiv@quotient           cstackCOMRAM 00000D
___awdiv@sign               cstackCOMRAM 00000C
___awmod                    text23       001D68
___awmod@counter            cstackCOMRAM 000005
___awmod@dividend           cstackCOMRAM 000001
___awmod@divisor            cstackCOMRAM 000003
___awmod@sign               cstackCOMRAM 000006
___fldiv                    text50       000932
___fldiv@a                  cstackCOMRAM 00001B
___fldiv@aexp               cstackCOMRAM 00002F
___fldiv@b                  cstackCOMRAM 000017
___fldiv@bexp               cstackCOMRAM 00002E
___fldiv@grs                cstackCOMRAM 00002A
___fldiv@new_exp            cstackCOMRAM 000028
___fldiv@rem                cstackCOMRAM 000023
___fldiv@sign               cstackCOMRAM 000027
___fltol                    text49       001906
___fltol@exp1               cstackCOMRAM 000039
___fltol@f1                 cstackCOMRAM 000030
___fltol@sign1              cstackCOMRAM 000038
___heap_hi                  (abs)        000000
___heap_lo                  (abs)        000000
___inthi_sp                 stack        000000
___intlo_sp                 stack        000000
___lwdiv                    text34       002078
___lwdiv@counter            cstackCOMRAM 000007
___lwdiv@dividend           cstackCOMRAM 000001
___lwdiv@divisor            cstackCOMRAM 000003
___lwdiv@quotient           cstackCOMRAM 000005
___lwmod                    text33       00222E
___lwmod@counter            cstackCOMRAM 000005
___lwmod@dividend           cstackCOMRAM 000001
___lwmod@divisor            cstackCOMRAM 000003
___param_bank               (abs)        000000
___rparam_used              (abs)        000001
___sp                       stack        000000
___wmul                     text9        002552
___wmul@multiplicand        cstackCOMRAM 000009
___wmul@multiplier          cstackCOMRAM 000007
___wmul@product             cstackCOMRAM 00000B
___xxtofl                   text48       00164A
___xxtofl@arg               cstackCOMRAM 000013
___xxtofl@exp               cstackCOMRAM 000012
___xxtofl@sign              cstackCOMRAM 000011
___xxtofl@val               cstackCOMRAM 000009
__accesstop                 (abs)        000060
__activetblptr              (abs)        000002
__end_of___awdiv            text24       001CB8
__end_of___awmod            text23       001E18
__end_of___fldiv            text50       000CCC
__end_of___fltol            text49       001A0C
__end_of___lwdiv            text34       0020EC
__end_of___lwmod            text33       002292
__end_of___wmul             text9        002578
__end_of___xxtofl           text48       0017FE
__end_of__initialization    cinit        002220
__end_of_change_password    text38       0004E2
__end_of_clcd_print         text46       0021CA
__end_of_clcd_putch         text45       002618
__end_of_clcd_write         text47       00243A
__end_of_clear_log          text36       001FF8
__end_of_display_event      text35       0011FC
__end_of_display_speed      text32       002078
__end_of_display_time       text25       002644
__end_of_download_log       text19       001B0E
__end_of_enter_password     text18       000F7C
__end_of_get_time           text26       001EC8
__end_of_i2c_idle           text43       002656
__end_of_i2c_no_ack         text31       00269C
__end_of_i2c_read           text29       002662
__end_of_i2c_rep_start      text28       00267E
__end_of_i2c_rx_mode        text30       002686
__end_of_i2c_start          text42       002696
__end_of_i2c_stop           text41       00268E
__end_of_i2c_write          text40       00266E
__end_of_init_adc           text17       0025B4
__end_of_init_clcd          text16       001D68
__end_of_init_config        text10       0025CE
__end_of_init_ds1307        text14       002384
__end_of_init_i2c           text13       00262E
__end_of_init_matrix_keypad text12       002676
__end_of_init_timer0        text11       0025E8
__end_of_init_uart          text22       002400
__end_of_isr                intcode_body 0022EC
__end_of_main               text0        00145E
__end_of_menu               text6        000932
__end_of_putch              text21       002600
__end_of_puts               text20       0024A8
__end_of_read_adc           text5        00233C
__end_of_read_ds1307        text27       00252A
__end_of_read_event         text7        0023C6
__end_of_read_ext_eeprom    text8        002500
__end_of_read_switches      text3        00215E
__end_of_scan_key           text4        001906
__end_of_set_time           text2        002472
__end_of_store_event        text37       001F6C
__end_of_store_password     text44       001BF4
__end_of_view_log           text1        00164A
__end_of_write_ds1307       text15       002596
__end_of_write_ext_eeprom   text39       0024D6
__initialization            cinit        0021CA
__mediumconst               mediumconst  002E34
__pbssBANK0                 bssBANK0     000060
__pbssCOMRAM                bssCOMRAM    000040
__pcinit                    cinit        0021CA
__pcstackCOMRAM             cstackCOMRAM 000001
__pdataBANK0                dataBANK0    00008E
__pdataCOMRAM               dataCOMRAM   00005C
__pidataBANK0               idataBANK0   00252A
__pidataCOMRAM              idataCOMRAM  00269C
__pintcode                  intcode      000008
__pintcode_body             intcode_body 002292
__pmediumconst              mediumconst  002E34
__ptext0                    text0        0011FC
__ptext1                    text1        00145E
__ptext10                   text10       0025B4
__ptext11                   text11       0025CE
__ptext12                   text12       00266E
__ptext13                   text13       002618
__ptext14                   text14       00233C
__ptext15                   text15       002578
__ptext16                   text16       001CB8
__ptext17                   text17       002596
__ptext18                   text18       000CCC
__ptext19                   text19       001A0C
__ptext2                    text2        00243A
__ptext20                   text20       002472
__ptext21                   text21       0025E8
__ptext22                   text22       0023C6
__ptext23                   text23       001D68
__ptext24                   text24       001BF4
__ptext25                   text25       00262E
__ptext26                   text26       001E18
__ptext27                   text27       002500
__ptext28                   text28       002676
__ptext29                   text29       002656
__ptext3                    text3        0020EC
__ptext30                   text30       00267E
__ptext31                   text31       002696
__ptext32                   text32       001FF8
__ptext33                   text33       00222E
__ptext34                   text34       002078
__ptext35                   text35       000F7C
__ptext36                   text36       001F6C
__ptext37                   text37       001EC8
__ptext38                   text38       000012
__ptext39                   text39       0024A8
__ptext4                    text4        0017FE
__ptext40                   text40       002662
__ptext41                   text41       002686
__ptext42                   text42       00268E
__ptext43                   text43       002644
__ptext44                   text44       001B0E
__ptext45                   text45       002600
__ptext46                   text46       00215E
__ptext47                   text47       002400
__ptext48                   text48       00164A
__ptext49                   text49       001906
__ptext5                    text5        0022EC
__ptext50                   text50       000932
__ptext6                    text6        0004E2
__ptext7                    text7        002384
__ptext8                    text8        0024D6
__ptext9                    text9        002552
__ramtop                    ramtop       000600
__smallconst                smallconst   000000
_attempt                    dataCOMRAM   00005C
_change_password            text38       000012
_clcd_print                 text46       00215E
_clcd_putch                 text45       002600
_clcd_write                 text47       002400
_clear_log                  text36       001F6C
_clock_reg                  bssCOMRAM    000040
_confirm_password           bssCOMRAM    00004F
_count                      bssCOMRAM    000051
_count_eve                  bssCOMRAM    000059
_count_isr                  bssBANK0     000060
_data                       bssBANK0     000072
_display_event              text35       000F7C
_display_speed              text32       001FF8
_display_time               text25       00262E
_download_log               text19       001A0C
_enter_password             text18       000CCC
_ev                         bssCOMRAM    000058
_event                      bssBANK0     000062
_event_flag                 bssCOMRAM    00005B
_flag                       bssCOMRAM    000054
_gear                       bssCOMRAM    000055
_get_time                   text26       001E18
_i2c_idle                   text43       002644
_i2c_no_ack                 text31       002696
_i2c_read                   text29       002656
_i2c_rep_start              text28       002676
_i2c_rx_mode                text30       00267E
_i2c_start                  text42       00268E
_i2c_stop                   text41       002686
_i2c_write                  text40       002662
_ind                        bssCOMRAM    000052
_ind_1                      bssCOMRAM    00004E
_ind_2                      bssCOMRAM    00004D
_index                      bssCOMRAM    000045
_init_adc                   text17       002596
_init_clcd                  text16       001CB8
_init_config                text10       0025B4
_init_ds1307                text14       00233C
_init_i2c                   text13       002618
_init_matrix_keypad         text12       00266E
_init_timer0                text11       0025CE
_init_uart                  text22       0023C6
_input_pass                 bssBANK0     00008A
_isr                        intcode      000008
_line                       bssCOMRAM    00004C
_log_index                  bssCOMRAM    000046
_main                       text0        0011FC
_menu                       text6        0004E2
_menu$329                   cstackCOMRAM 000016
_menu_eve                   dataBANK0    00009E
_menu_opt                   dataBANK0    0000A8
_mode                       bssCOMRAM    000048
_new_password               bssCOMRAM    000050
_option                     bssCOMRAM    000047
_pass_flag                  bssCOMRAM    00005A
_password                   dataBANK0    0000B2
_pre_key_1                  bssCOMRAM    000049
_prekey                     bssCOMRAM    00004A
_putch                      text21       0025E8
_puts                       text20       002472
_read_adc                   text5        0022EC
_read_ds1307                text27       002500
_read_event                 text7        002384
_read_ext_eeprom            text8        0024D6
_read_switches              text3        0020EC
_repeated_event             bssCOMRAM    000053
_scan_key                   text4        0017FE
_sec                        dataCOMRAM   00005E
_set_time                   text2        00243A
_signature                  dataBANK0    00008E
_star                       bssCOMRAM    00004B
_store_event                text37       001EC8
_store_password             text44       001B0E
_time                       bssBANK0     000081
_total_events               bssCOMRAM    000057
_view_log                   text1        00145E
_wait                       bssCOMRAM    000043
_write_ds1307               text15       002578
_write_ext_eeprom           text39       0024A8
btemp                       temp         00005F
change_password@i           cstackCOMRAM 00001D
change_password@j           cstackCOMRAM 000019
change_password@j_364       cstackCOMRAM 00001B
change_password@key         cstackCOMRAM 000018
clcd_print@addr             cstackCOMRAM 000005
clcd_print@data             cstackCOMRAM 000003
clcd_putch@addr             cstackCOMRAM 00000F
clcd_putch@data             cstackCOMRAM 000010
clcd_write@byte             cstackCOMRAM 000002
clcd_write@control_bit      cstackCOMRAM 000001
display_event@key           cstackCOMRAM 00000B
display_speed@speed         cstackCOMRAM 000011
download_log@i              cstackCOMRAM 000013
end_of_initialization       cinit        002220
enter_password@j            cstackCOMRAM 000019
enter_password@key          cstackCOMRAM 000018
i2c_write@data              cstackCOMRAM 000001
init_ds1307@dummy           cstackCOMRAM 000004
int$flags                   temp         00005F
int_func                    intcode_body 002292
intlevel0                   text         000000
intlevel1                   text         000000
intlevel2                   text         000000
intlevel3                   text         000000
isa$std                     (abs)        000001
isa$xinst                   (abs)        000000
main@adc_val                cstackCOMRAM 00003C
main@i                      cstackCOMRAM 00003E
main@key                    cstackCOMRAM 00003F
menu@key                    cstackCOMRAM 000017
putch@data                  cstackCOMRAM 000001
puts@data                   cstackCOMRAM 000002
read_adc@channel            cstackCOMRAM 000008
read_ds1307@address         cstackCOMRAM 000002
read_ds1307@data            cstackCOMRAM 000003
read_event@address          cstackCOMRAM 00000D
read_event@data             cstackCOMRAM 00000F
read_event@i                cstackCOMRAM 000013
read_ext_eeprom@address     cstackCOMRAM 000002
read_ext_eeprom@data        cstackCOMRAM 000003
read_switches@detection     cstackCOMRAM 000001
read_switches@key           bssCOMRAM    000056
read_switches@once          dataCOMRAM   00005D
stackhi                     (abs)        000000
stacklo                     (abs)        000000
start                       init         00000E
start_initialization        cinit        0021CA
store_event@address         cstackCOMRAM 000007
store_event@data            cstackCOMRAM 000005
store_event@i               cstackCOMRAM 000008
store_password@key          cstackCOMRAM 000015
store_password@pass         cstackCOMRAM 000011
ttemp5                      temp         000060
ttemp6                      temp         000063
ttemp7                      temp         000067
view_log@key                cstackCOMRAM 000019
write_ds1307@address        cstackCOMRAM 000003
write_ds1307@data           cstackCOMRAM 000002
write_ext_eeprom@address    cstackCOMRAM 000004
write_ext_eeprom@data       cstackCOMRAM 000002
wtemp8                      temp         000060


MODULE INFORMATION

Module		Function		Class		Link	Load	Size
C:\Program Files\Microchip\xc8\v2.41\pic\sources\c99\common\awmod.c
		___awmod       		CODE           	1D68	0000	176

C:\Program Files\Microchip\xc8\v2.41\pic\sources\c99\common\awmod.c estimated size: 176

car_black_box.c
		_view_log      		CODE           	145E	0000	492
		_menu          		CODE           	04E2	0000	1104
		_display_speed 		CODE           	1FF8	0000	128
		_display_event 		CODE           	0F7C	0000	640
		_change_password		CODE           	0012	0000	1232
		_download_log  		CODE           	1A0C	0000	258
		_set_time      		CODE           	243A	0000	56
		_clear_log     		CODE           	1F6C	0000	140
		_store_password		CODE           	1B0E	0000	230
		_enter_password		CODE           	0CCC	0000	688

car_black_box.c estimated size: 4968

matrix_keypad.c
		_init_matrix_keypad		CODE           	266E	0000	8
		_read_switches 		CODE           	20EC	0000	114
		_scan_key      		CODE           	17FE	0000	264

matrix_keypad.c estimated size: 386

C:\Program Files\Microchip\xc8\v2.41\pic\sources\c99\common\fltol.c
		___fltol       		CODE           	1906	0000	262

C:\Program Files\Microchip\xc8\v2.41\pic\sources\c99\common\fltol.c estimated size: 262

uart.c
		_putch         		CODE           	25E8	0000	24
		_init_uart     		CODE           	23C6	0000	58
		_puts          		CODE           	2472	0000	54

uart.c estimated size: 136

C:\Program Files\Microchip\xc8\v2.41\pic\sources\c99\common\xxtofl.c
		___xxtofl      		CODE           	164A	0000	436

C:\Program Files\Microchip\xc8\v2.41\pic\sources\c99\common\xxtofl.c estimated size: 436

i2c.c
		_i2c_start     		CODE           	268E	0000	8
		_i2c_no_ack    		CODE           	2696	0000	6
		_i2c_rep_start 		CODE           	2676	0000	8
		_i2c_idle      		CODE           	2644	0000	18
		_i2c_write     		CODE           	2662	0000	12
		_i2c_stop      		CODE           	2686	0000	8
		_i2c_read      		CODE           	2656	0000	12
		_init_i2c      		CODE           	2618	0000	22
		_i2c_rx_mode   		CODE           	267E	0000	8

i2c.c estimated size: 102

C:\Program Files\Microchip\xc8\v2.41\pic\sources\c99\common\lwdiv.c
		___lwdiv       		CODE           	2078	0000	116

C:\Program Files\Microchip\xc8\v2.41\pic\sources\c99\common\lwdiv.c estimated size: 116

C:\Program Files\Microchip\xc8\v2.41\pic\sources\c99\common\awdiv.c
		___awdiv       		CODE           	1BF4	0000	196

C:\Program Files\Microchip\xc8\v2.41\pic\sources\c99\common\awdiv.c estimated size: 196

timer0.c
		_init_timer0   		CODE           	25CE	0000	26

timer0.c estimated size: 26

eeprom.c
		_write_ext_eeprom		CODE           	24A8	0000	46
		_read_ext_eeprom		CODE           	24D6	0000	42
		_read_event    		CODE           	2384	0000	66
		_store_event   		CODE           	1EC8	0000	164

eeprom.c estimated size: 318

adc.c
		_init_adc      		CODE           	2596	0000	30
		_read_adc      		CODE           	22EC	0000	80

adc.c estimated size: 110

isr.c
		_isr           		CODE           	0008	0000	96

isr.c estimated size: 96

shared
		__initialization		CODE           	21CA	0000	86

shared estimated size: 86

clcd.c
		_clcd_write    		CODE           	2400	0000	58
		_clcd_print    		CODE           	215E	0000	108
		_clcd_putch    		CODE           	2600	0000	24
		_init_clcd     		CODE           	1CB8	0000	176

clcd.c estimated size: 366

C:\Program Files\Microchip\xc8\v2.41\pic\sources\c99\common\Umul16.c
		___wmul        		CODE           	2552	0000	38

C:\Program Files\Microchip\xc8\v2.41\pic\sources\c99\common\Umul16.c estimated size: 38

main.c
		_display_time  		CODE           	262E	0000	22
		_main          		CODE           	11FC	0000	610
		_get_time      		CODE           	1E18	0000	176
		_init_config   		CODE           	25B4	0000	26

main.c estimated size: 834

RTC.c
		_read_ds1307   		CODE           	2500	0000	42
		_write_ds1307  		CODE           	2578	0000	30
		_init_ds1307   		CODE           	233C	0000	72

RTC.c estimated size: 144

C:\Program Files\Microchip\xc8\v2.41\pic\sources\c99\common\sprcdiv.c
		___fldiv       		CODE           	0932	0000	922

C:\Program Files\Microchip\xc8\v2.41\pic\sources\c99\common\sprcdiv.c estimated size: 922

C:\Program Files\Microchip\xc8\v2.41\pic\sources\c99\common\lwmod.c
		___lwmod       		CODE           	222E	0000	100

C:\Program Files\Microchip\xc8\v2.41\pic\sources\c99\common\lwmod.c estimated size: 100

